# AQACert.log content: 
# DETECTED_JAVA_VERSION=openjdk version "1.8.0_362"
# OpenJDK Runtime Environment (Alibaba Dragonwell Standard Edition 8.14.15) (build 1.8.0_362-b01)
# OpenJDK 64-Bit Server VM (Alibaba Dragonwell Standard Edition 8.14.15) (build 25.362-b01, mixed mode)
# DETECTED_RELEASE_INFO=JAVA_VERSION="1.8.0_362"
# OS_NAME="Linux"
# OS_VERSION="2.6"
# OS_ARCH="aarch64"
# SOURCE=".:git:9fda1554a132+"
# IMPLEMENTOR="Alibaba"
# BUILD_SOURCE="git:3532ac9cf4b354ac6cfd9c2c9ab1b71a1075e5c4"
# BUILD_SOURCE_REPO="https://github.com/dragonwell-releng/openjdk-build.git"
# SOURCE_REPO="https://github.com/alibaba/dragonwell8.git"
# FULL_VERSION="1.8.0_362-b01"
# SEMANTIC_VERSION="8.0.362+1"
# BUILD_INFO="OS: Linux Version: 5.4.0-90-generic"
# JVM_VARIANT="Dragonwell"
# JVM_VERSION="25.362-b01"
# IMAGE_TYPE="JDK"
# 
#SHA.txt content: 
# ================================================
# timestamp: 20230201-110449
# repo dir: /home/testuser/workspace/Test_openjdk8_dragonwell_extended.openjdk_aarch64_linux/aqa-tests
# git repo: 
#   Fetch URL: https://github.com/adoptium/aqa-tests.git
# sha:
# f89b6fdc798f3570bda9a47fc8eaf282630c763e
# ================================================
# timestamp: 20230201-110449
# repo dir: /home/testuser/workspace/Test_openjdk8_dragonwell_extended.openjdk_aarch64_linux/aqa-tests/TKG
# git repo: 
#   Fetch URL: https://github.com/adoptium/TKG.git
# sha:
# b36f195ed9a6b0ce91613f243c4cb27e1056bcae
# ================================================
# timestamp: 20230201-110509
# repo dir: /home/testuser/workspace/Test_openjdk8_dragonwell_extended.openjdk_aarch64_linux/aqa-tests/openj9
# git repo: 
#   Fetch URL: https://github.com/eclipse-openj9/openj9.git
# sha:
# 82d8e4396b1c29eb28bf38adec66cda4ec1b34a5
# ================================================
# timestamp: 20230201-110758
# repo dir: openjdk-jdk
# git repo: 
#   Fetch URL: https://github.com/alibaba/dragonwell8.git
# sha:
# 9fda1554a1322b066a343d92cec0ab0204164c4e
# 
# Timestamp: Wed Feb  1 06:51:00 2023 UTC 
1..90
ok 1 - jdk_custom_0
  ---
    duration_ms: 19630
  ...
ok 2 - jdk_custom_1
  ---
    duration_ms: 19477
  ...
ok 3 - jdk_custom_2 # skip
  ---
    duration_ms: 13
  ...
ok 4 - langtools_custom_0
  ---
    duration_ms: 4949
  ...
ok 5 - langtools_custom_1
  ---
    duration_ms: 4883
  ...
ok 6 - langtools_custom_2 # skip
  ---
    duration_ms: 13
  ...
ok 7 - hotspot_custom_0
  ---
    duration_ms: 303433
  ...
ok 8 - hotspot_custom_1
  ---
    duration_ms: 303458
  ...
ok 9 - hotspot_custom_2 # skip
  ---
    duration_ms: 14
  ...
ok 10 - hotspot_compiler_0
  ---
    duration_ms: 2763
  ...
ok 11 - hotspot_compiler_1
  ---
    duration_ms: 2794
  ...
ok 12 - hotspot_compiler_2 # skip
  ---
    duration_ms: 13
  ...
ok 13 - hotspot_gc_0
  ---
    duration_ms: 2757
  ...
ok 14 - hotspot_gc_1
  ---
    duration_ms: 2807
  ...
ok 15 - hotspot_gc_2 # skip
  ---
    duration_ms: 13
  ...
ok 16 - hotspot_runtime_0
  ---
    duration_ms: 2782
  ...
ok 17 - hotspot_runtime_1
  ---
    duration_ms: 2807
  ...
ok 18 - hotspot_runtime_2 # skip
  ---
    duration_ms: 13
  ...
ok 19 - hotspot_serviceability_0
  ---
    duration_ms: 2782
  ...
ok 20 - hotspot_serviceability_1
  ---
    duration_ms: 2835
  ...
ok 21 - hotspot_serviceability_2 # skip
  ---
    duration_ms: 14
  ...
ok 22 - hotspot_jre_0
  ---
    duration_ms: 947667
  ...
ok 23 - hotspot_jre_1
  ---
    duration_ms: 938623
  ...
ok 24 - hotspot_jre_2 # skip
  ---
    duration_ms: 13
  ...
ok 25 - jdk_awt_0 # skip (disabled)
  ---
    duration_ms: 17
  ...
ok 26 - jdk_awt_1 # skip (disabled)
  ---
    duration_ms: 16
  ...
ok 27 - jdk_awt_2 # skip (disabled)
  ---
    duration_ms: 17
  ...
ok 28 - jdk_beans_0
  ---
    duration_ms: 208394
  ...
ok 29 - jdk_beans_1
  ---
    duration_ms: 206023
  ...
ok 30 - jdk_beans_2 # skip
  ---
    duration_ms: 13
  ...
ok 31 - jdk_io_0
  ---
    duration_ms: 60229
  ...
ok 32 - jdk_io_1
  ---
    duration_ms: 60574
  ...
ok 33 - jdk_io_2 # skip
  ---
    duration_ms: 13
  ...
ok 34 - jdk_other_0
  ---
    duration_ms: 776586
  ...
ok 35 - jdk_other_1
  ---
    duration_ms: 753751
  ...
ok 36 - jdk_other_2 # skip
  ---
    duration_ms: 13
  ...
ok 37 - jdk_net_0
  ---
    duration_ms: 551561
  ...
ok 38 - jdk_net_1
  ---
    duration_ms: 552866
  ...
ok 39 - jdk_net_2 # skip
  ---
    duration_ms: 13
  ...
ok 40 - jdk_nio_0
  ---
    duration_ms: 530359
  ...
ok 41 - jdk_nio_1
  ---
    duration_ms: 526753
  ...
ok 42 - jdk_nio_2 # skip
  ---
    duration_ms: 14
  ...
ok 43 - jdk_security1_0
  ---
    duration_ms: 81825
  ...
ok 44 - jdk_security1_1
  ---
    duration_ms: 81807
  ...
ok 45 - jdk_security1_2 # skip
  ---
    duration_ms: 13
  ...
ok 46 - jdk_security2_0
  ---
    duration_ms: 48468
  ...
ok 47 - jdk_security2_1
  ---
    duration_ms: 49769
  ...
ok 48 - jdk_security2_2 # skip
  ---
    duration_ms: 13
  ...
ok 49 - jdk_security3_0
  ---
    duration_ms: 877639
  ...
ok 50 - jdk_security3_1
  ---
    duration_ms: 870500
  ...
ok 51 - jdk_security3_2 # skip
  ---
    duration_ms: 13
  ...
ok 52 - jdk_security4_0
  ---
    duration_ms: 170435
  ...
ok 53 - jdk_security4_1
  ---
    duration_ms: 170843
  ...
ok 54 - jdk_security4_2 # skip
  ---
    duration_ms: 13
  ...
ok 55 - jdk_sound_0 # skip (disabled)
  ---
    duration_ms: 16
  ...
ok 56 - jdk_sound_1 # skip (disabled)
  ---
    duration_ms: 16
  ...
ok 57 - jdk_sound_2 # skip (disabled)
  ---
    duration_ms: 16
  ...
ok 58 - jdk_swing_0 # skip (disabled)
  ---
    duration_ms: 16
  ...
ok 59 - jdk_swing_1 # skip (disabled)
  ---
    duration_ms: 17
  ...
ok 60 - jdk_swing_2 # skip (disabled)
  ---
    duration_ms: 17
  ...
ok 61 - jdk_text_0
  ---
    duration_ms: 35213
  ...
ok 62 - jdk_text_1
  ---
    duration_ms: 35526
  ...
ok 63 - jdk_text_2 # skip
  ---
    duration_ms: 14
  ...
ok 64 - jdk_time_0
  ---
    duration_ms: 98309
  ...
ok 65 - jdk_time_1
  ---
    duration_ms: 99222
  ...
ok 66 - jdk_time_2 # skip
  ---
    duration_ms: 14
  ...
ok 67 - jdk_management_0
  ---
    duration_ms: 80396
  ...
ok 68 - jdk_management_1
  ---
    duration_ms: 77508
  ...
ok 69 - jdk_management_2 # skip
  ---
    duration_ms: 13
  ...
ok 70 - jdk_jmx_0
  ---
    duration_ms: 316855
  ...
ok 71 - jdk_jmx_1
  ---
    duration_ms: 318734
  ...
ok 72 - jdk_jmx_2 # skip
  ---
    duration_ms: 13
  ...
ok 73 - jdk_rmi_0
  ---
    duration_ms: 419527
  ...
ok 74 - jdk_rmi_1
  ---
    duration_ms: 421080
  ...
ok 75 - jdk_rmi_2 # skip
  ---
    duration_ms: 14
  ...
ok 76 - jdk_tools_0
  ---
    duration_ms: 260555
  ...
ok 77 - jdk_tools_1
  ---
    duration_ms: 256349
  ...
ok 78 - jdk_tools_2 # skip
  ---
    duration_ms: 12
  ...
ok 79 - jdk_jfr_0
  ---
    duration_ms: 640648
  ...
ok 80 - jdk_jfr_1
  ---
    duration_ms: 641439
  ...
ok 81 - jdk_jfr_2 # skip
  ---
    duration_ms: 13
  ...
ok 82 - jdk_instrument_0
  ---
    duration_ms: 144090
  ...
ok 83 - jdk_instrument_1
  ---
    duration_ms: 144592
  ...
ok 84 - jdk_instrument_2 # skip
  ---
    duration_ms: 12
  ...
ok 85 - jdk_imageio_0
  ---
    duration_ms: 111470
  ...
ok 86 - jdk_imageio_1
  ---
    duration_ms: 112516
  ...
ok 87 - jdk_imageio_2 # skip
  ---
    duration_ms: 13
  ...
ok 88 - jdk_2d_0 # skip (disabled)
  ---
    duration_ms: 17
  ...
ok 89 - jdk_2d_1 # skip (disabled)
  ---
    duration_ms: 16
  ...
ok 90 - jdk_2d_2 # skip (disabled)
  ---
    duration_ms: 16
  ...
