# AQACert.log content: 
# DETECTED_JAVA_VERSION=openjdk version "1.8.0_462"
# OpenJDK Runtime Environment (Alibaba Dragonwell Standard Edition 8.26.25) (build 1.8.0_462-b01)
# OpenJDK 64-Bit Server VM (Alibaba Dragonwell Standard Edition 8.26.25) (build 25.462-b01, mixed mode)
# DETECTED_RELEASE_INFO=JAVA_VERSION="1.8.0_462"
# OS_NAME="Linux"
# OS_VERSION="2.6"
# OS_ARCH="amd64"
# SOURCE=".:git:b616ce88a6c3+"
# IMPLEMENTOR="Alibaba"
# BUILD_SOURCE="git:9ff799f5bcfbc2553366821902d81e9e5b8bb688"
# BUILD_SOURCE_REPO="https://github.com/dragonwell-releng/openjdk-build.git"
# SOURCE_REPO="https://github.com/dragonwell-project/dragonwell8.git"
# FULL_VERSION="1.8.0_462-b01"
# SEMANTIC_VERSION="8.0.462+1"
# BUILD_INFO="OS: Linux Version: 5.4.0-137-generic"
# JVM_VARIANT="Dragonwell"
# JVM_VERSION="25.462-b01"
# IMAGE_TYPE="JDK"
# 
# Hostname: iZgw8du5lev6ljk1j9f2i2Z

#SHAs.txt content: 
# ================================================
# timestamp: 20250814-171543
# repo dir: /home/admin/workspace/Test_openjdk8_dragonwell_extended.functional_x86-64_linux/aqa-tests
# git repo: 
#   Fetch URL: git@github.com:adoptium/aqa-tests.git
# sha:
# 8932a5f7a5e40b861f159fd0d0c2ff83d71a2fe5
# ================================================
# timestamp: 20250814-171543
# repo dir: /home/admin/workspace/Test_openjdk8_dragonwell_extended.functional_x86-64_linux/aqa-tests/openj9
# git repo: 
#   Fetch URL: https://github.com/eclipse-openj9/openj9.git
# sha:
# ecf26d3a69b5ac57b93f6701c5bc0d0428fe1331
# ================================================
# timestamp: 20250814-171543
# repo dir: /home/admin/workspace/Test_openjdk8_dragonwell_extended.functional_x86-64_linux/aqa-tests/TKG
# git repo: 
#   Fetch URL: https://github.com/adoptium/TKG.git
# sha:
# 5db0f052b124b696faccf97908923f69b33034b9
# ================================================
# timestamp: 20250814-171543
# repo dir: /home/admin/workspace/Test_openjdk8_dragonwell_extended.functional_x86-64_linux/aqa-tests/functional/security/Crypto/CryptoTest
# git repo: 
#   Fetch URL: https://github.com/rh-openjdk/CryptoTest.git
# sha:
# f0d8925b049f10e8cba3a0a25eec98b025465a57
# 
# Timestamp: Thu Aug 14 09:16:55 2025 UTC 
# TEST TARGETS RESULTS SUMMARY: TOTAL: 6   EXECUTED: 3   PASSED: 3   FAILED: 0   DISABLED: 2   SKIPPED: 1
1..6
ok 1 - SecurityTests_0 # skip (disabled)
  ---
    duration_ms: 9
  ...
ok 2 - CryptoTests_0 # skip (disabled)
  ---
    duration_ms: 10
  ...
ok 3 - CryptoTests_jtreg_0
  ---
    output:
      |
        Test results: passed: 31
    duration_ms: 70153
  ...
ok 4 - IllegalAccessProtectedMethodTest_hs_0
  ---
    duration_ms: 263
  ...
ok 5 - testExample_0
  ---
    duration_ms: 290
  ...
ok 6 - cmdLineTester_classesdbgddrext_zos_0 # skip
  ---
    duration_ms: 7
  ...
