# AQACert.log content: 
# DETECTED_JAVA_VERSION=openjdk version "1.8.0_362"
# OpenJDK Runtime Environment (Alibaba Dragonwell Standard Edition 8.14.15) (build 1.8.0_362-b01)
# OpenJDK 64-Bit Server VM (Alibaba Dragonwell Standard Edition 8.14.15) (build 25.362-b01, mixed mode)
# DETECTED_RELEASE_INFO=JAVA_VERSION="1.8.0_362"
# OS_NAME="Linux"
# OS_VERSION="2.6"
# OS_ARCH="amd64"
# SOURCE=".:git:9fda1554a132+"
# IMPLEMENTOR="Alibaba"
# BUILD_SOURCE="git:3532ac9cf4b354ac6cfd9c2c9ab1b71a1075e5c4"
# BUILD_SOURCE_REPO="https://github.com/dragonwell-releng/openjdk-build.git"
# SOURCE_REPO="https://github.com/alibaba/dragonwell8.git"
# FULL_VERSION="1.8.0_362-b01"
# SEMANTIC_VERSION="8.0.362+1"
# BUILD_INFO="OS: Linux Version: 4.15.0-187-generic"
# JVM_VARIANT="Dragonwell"
# JVM_VERSION="25.362-b01"
# IMAGE_TYPE="JDK"
# 
#SHA.txt content: 
# ================================================
# timestamp: 20230201-111137
# repo dir: /home/admin/workspace/Test_openjdk8_dragonwell_extended.perf_x86-64_linux/aqa-tests
# git repo: 
#   Fetch URL: https://github.com/adoptium/aqa-tests.git
# sha:
# f89b6fdc798f3570bda9a47fc8eaf282630c763e
# ================================================
# timestamp: 20230201-111137
# repo dir: /home/admin/workspace/Test_openjdk8_dragonwell_extended.perf_x86-64_linux/aqa-tests/TKG
# git repo: 
#   Fetch URL: https://github.com/adoptium/TKG.git
# sha:
# b36f195ed9a6b0ce91613f243c4cb27e1056bcae
# ================================================
# timestamp: 20230201-111145
# repo dir: /home/admin/workspace/Test_openjdk8_dragonwell_extended.perf_x86-64_linux/aqa-tests/openj9
# git repo: 
#   Fetch URL: https://github.com/eclipse-openj9/openj9.git
# sha:
# 82d8e4396b1c29eb28bf38adec66cda4ec1b34a5
# 
# Timestamp: Wed Feb  1 03:34:54 2023 UTC 
1..20
ok 1 - dacapo-avrora_0
  ---
    duration_ms: 3288
  ...
ok 2 - dacapo-fop_0
  ---
    duration_ms: 1283
  ...
ok 3 - dacapo-jython_0
  ---
    duration_ms: 7412
  ...
ok 4 - dacapo-luindex_0
  ---
    duration_ms: 1148
  ...
ok 5 - dacapo-pmd_0
  ---
    duration_ms: 1697
  ...
ok 6 - dacapo-sunflow_0
  ---
    duration_ms: 1612
  ...
ok 7 - dacapo-tomcat_0 # skip (disabled)
  ---
    duration_ms: 12
  ...
ok 8 - dacapo-xalan_0
  ---
    duration_ms: 1508
  ...
ok 9 - renaissance-als_0
  ---
    duration_ms: 87957
  ...
ok 10 - renaissance-chi-square_0
  ---
    duration_ms: 76403
  ...
ok 11 - renaissance-db-shootout_0
  ---
    duration_ms: 86005
  ...
ok 12 - renaissance-dec-tree_0
  ---
    duration_ms: 49636
  ...
ok 13 - renaissance-finagle-chirper_0 # skip (disabled)
  ---
    duration_ms: 12
  ...
ok 14 - renaissance-finagle-http_0
  ---
    duration_ms: 67487
  ...
ok 15 - renaissance-gauss-mix_0
  ---
    duration_ms: 88232
  ...
ok 16 - renaissance-log-regression_0
  ---
    duration_ms: 30167
  ...
ok 17 - renaissance-mnemonics_0
  ---
    duration_ms: 74631
  ...
ok 18 - renaissance-movie-lens_0
  ---
    duration_ms: 190448
  ...
ok 19 - renaissance-par-mnemonics_0
  ---
    duration_ms: 67870
  ...
ok 20 - renaissance-philosophers_0
  ---
    duration_ms: 131782
  ...
