# AQACert.log content: 
# DETECTED_JAVA_VERSION=openjdk version "1.8.0_462"
# OpenJDK Runtime Environment (Alibaba Dragonwell Standard Edition 8.26.25) (build 1.8.0_462-b01)
# OpenJDK 64-Bit Server VM (Alibaba Dragonwell Standard Edition 8.26.25) (build 25.462-b01, mixed mode)
# DETECTED_RELEASE_INFO=JAVA_VERSION="1.8.0_462"
# OS_NAME="Linux"
# OS_VERSION="2.6"
# OS_ARCH="amd64"
# SOURCE=".:git:554c961c6464+"
# IMPLEMENTOR="Alibaba"
# BUILD_SOURCE="git:a173e305a7acd54ebddf50f3b3fc2b668c5741e4"
# BUILD_SOURCE_REPO="https://github.com/dragonwell-releng/openjdk-build.git"
# SOURCE_REPO="https://github.com/dragonwell-project/dragonwell8.git"
# FULL_VERSION="1.8.0_462-b01"
# SEMANTIC_VERSION="8.0.462+1"
# BUILD_INFO="OS: Linux Version: 5.4.0-106-generic"
# JVM_VARIANT="Dragonwell"
# JVM_VERSION="25.462-b01"
# IMAGE_TYPE="JDK"
# 
# Hostname: iZgw8du5lev6ljk1j9f2i3Z

#SHAs.txt content: 
# ================================================
# timestamp: 20251029-150231
# repo dir: /home/admin/workspace/Test_openjdk8_dragonwell_sanity.functional_x86-64_linux/aqa-tests
# git repo: 
#   Fetch URL: git@github.com:adoptium/aqa-tests.git
# sha:
# b3dcaae938faa4ff45cd9d35dfc10c58628b9cc3
# ================================================
# timestamp: 20251029-150231
# repo dir: /home/admin/workspace/Test_openjdk8_dragonwell_sanity.functional_x86-64_linux/aqa-tests/openj9
# git repo: 
#   Fetch URL: https://github.com/eclipse-openj9/openj9.git
# sha:
# e1e7ccf257c31a02ad364e75937da7f69cc5f142
# ================================================
# timestamp: 20251029-150231
# repo dir: /home/admin/workspace/Test_openjdk8_dragonwell_sanity.functional_x86-64_linux/aqa-tests/TKG
# git repo: 
#   Fetch URL: https://github.com/adoptium/TKG.git
# sha:
# 53ec8d15bf7d8c68d2fd2e903cf54a0a1fe7f697
# 
# Timestamp: Wed Oct 29 07:02:35 2025 UTC 
# TEST TARGETS RESULTS SUMMARY: TOTAL: 5   EXECUTED: 4   PASSED: 4   FAILED: 0   DISABLED: 1   SKIPPED: 0
1..5
ok 1 - SyntheticGCWorkload_TestCase_0 # skip (disabled)
  ---
    duration_ms: 9
  ...
ok 2 - testXXArgumentTesting_0
  ---
    duration_ms: 221
  ...
ok 3 - cmdLineTester_imageReaderInitializationTest_0
  ---
    duration_ms: 166
  ...
ok 4 - cmdLineTest_J9test_elapsedTime_0
  ---
    duration_ms: 2274
  ...
ok 5 - cmdLineTester_libpathTestRtfChild_0
  ---
    duration_ms: 629
  ...
